2025-09-29 13:59:30 - harborai.monitoring.token_statistics - INFO - Initialized global token statistics collector
python : PostgreSQL logging enabled but no connection string provided
所在位置 行:1 字符: 1
+ python comprehensive_performance_test.py > test_output.txt 2>&1
+ ~~~~~~~~~~~~~~~~~~~~~~~~~~~~~~~~~~~~~~~~~~~~~~~~~~~~~~~~~~~~~~~
    + CategoryInfo          : NotSpecified: (PostgreSQL logg...string provided:String) [], RemoteException
    + FullyQualifiedErrorId : NativeCommandError
 

============================================================
  HarborAI vs 原生 OpenAI 综合性能对比测试
============================================================
Traceback (most recent call last):
  File "E:\project\harborai\comprehensive_performance_test.py", line 401, in <module>
    main()
  File "E:\project\harborai\comprehensive_performance_test.py", line 397, in main
    test_comprehensive_performance()
  File "E:\project\harborai\comprehensive_performance_test.py", line 273, in test_comprehensive_performance
    print(f"\n\U0001f527 测试配置:")
UnicodeEncodeError: 'gbk' codec can't encode character '\U0001f527' in position 2: illegal multibyte sequence
